<a><b><c>
<aa><b"><c
d
e>
<日本語><日本語><あいう"えお>
<><><><>
<abc>< "def"><ghi>
<abc><def>
